2026-06-23 16:03:03,819 | INFO | 生成 4 个 walk-forward 窗口
2026-06-23 16:03:03,829 | INFO | [Window 0] train=2024-01-01~2024-03-01, test=2024-03-01~2024-04-01
2026-06-23 16:03:03,879 | INFO | Engine 已创建: 'sqlite:///E:\\work\\work\\quant-trading-system\\database\\quant.db'
2026-06-23 16:03:03,896 | INFO | [Window 0] 预计算指标 [2024-01-01, 2024-04-01]...
2026-06-23 16:06:10,164 | INFO | [Window 0] 预计算完成 (186.2s), 59 个交易日已缓存
2026-06-23 16:06:10,754 | INFO | 组合回测: V6超卖反转 | 2024-01-01 ~ 2024-03-01 | 资金=1,000,000
2026-06-23 16:06:18,475 | WARNING | turnover 全为 NULL (来自 daily_price 表), 使用 1.0 作为代理值. 这会让 mcap_yi 退化为 amount/1e6 (亿元), 仅保留相对顺序. 如需精确数据, 请重新导入 turnover 字段.
2026-06-23 16:06:18,541 | INFO | 共 38 个调仓日 (回测区间内)
2026-06-23 16:07:15,599 | INFO | 组合回测完成: 总收益=-18.14%, 夏普=-1.99, 最大回撤=-37.63%
2026-06-23 16:07:15,720 | INFO | 组合回测: V6超卖反转 | 2024-01-01 ~ 2024-03-01 | 资金=1,000,000
2026-06-23 16:07:20,857 | WARNING | turnover 全为 NULL (来自 daily_price 表), 使用 1.0 作为代理值. 这会让 mcap_yi 退化为 amount/1e6 (亿元), 仅保留相对顺序. 如需精确数据, 请重新导入 turnover 字段.
2026-06-23 16:07:20,914 | INFO | 共 38 个调仓日 (回测区间内)
2026-06-23 16:08:07,608 | INFO | 组合回测完成: 总收益=-14.04%, 夏普=-1.37, 最大回撤=-35.64%
2026-06-23 16:08:07,730 | INFO | 组合回测: V6超卖反转 | 2024-01-01 ~ 2024-03-01 | 资金=1,000,000
2026-06-23 16:08:13,190 | WARNING | turnover 全为 NULL (来自 daily_price 表), 使用 1.0 作为代理值. 这会让 mcap_yi 退化为 amount/1e6 (亿元), 仅保留相对顺序. 如需精确数据, 请重新导入 turnover 字段.
2026-06-23 16:08:13,252 | INFO | 共 38 个调仓日 (回测区间内)
2026-06-23 16:08:54,975 | INFO | 组合回测完成: 总收益=-14.04%, 夏普=-1.37, 最大回撤=-35.64%
2026-06-23 16:08:55,113 | INFO | [optimize] 2024-01-01~2024-03-01: best_sharpe=-1.37, params={'MAX_RSI_14': 35.0, 'MAX_RSI_6': 20.0, 'MAX_BB_POSITION': 0.06, 'MAX_DRAWDOWN_60D': -20.0}
2026-06-23 16:08:55,115 | INFO | 组合回测: V6超卖反转 | 2024-03-01 ~ 2024-04-01 | 资金=1,000,000
2026-06-23 16:09:00,119 | WARNING | turnover 全为 NULL (来自 daily_price 表), 使用 1.0 作为代理值. 这会让 mcap_yi 退化为 amount/1e6 (亿元), 仅保留相对顺序. 如需精确数据, 请重新导入 turnover 字段.
2026-06-23 16:09:00,158 | INFO | 共 22 个调仓日 (回测区间内)
2026-06-23 16:09:23,449 | INFO | 组合回测完成: 总收益=4.21%, 夏普=1.70, 最大回撤=-8.62%
2026-06-23 16:09:23,551 | INFO |   OOS sharpe=1.70, max_dd=-8.6%
2026-06-23 16:09:23,552 | INFO | [Window 1] train=2024-02-01~2024-04-01, test=2024-04-01~2024-05-01
2026-06-23 16:09:23,552 | INFO | [Window 1] 预计算指标 [2024-02-01, 2024-05-01]...
2026-06-23 16:12:53,853 | INFO | [Window 1] 预计算完成 (210.3s), 78 个交易日已缓存
2026-06-23 16:12:53,865 | INFO | 组合回测: V6超卖反转 | 2024-02-01 ~ 2024-04-01 | 资金=1,000,000
2026-06-23 16:13:00,488 | WARNING | turnover 全为 NULL (来自 daily_price 表), 使用 1.0 作为代理值. 这会让 mcap_yi 退化为 amount/1e6 (亿元), 仅保留相对顺序. 如需精确数据, 请重新导入 turnover 字段.
2026-06-23 16:13:00,545 | INFO | 共 37 个调仓日 (回测区间内)
2026-06-23 16:14:00,188 | INFO | 组合回测完成: 总收益=10.63%, 夏普=1.52, 最大回撤=-17.07%
2026-06-23 16:14:00,377 | INFO | 组合回测: V6超卖反转 | 2024-02-01 ~ 2024-04-01 | 资金=1,000,000
2026-06-23 16:14:06,289 | WARNING | turnover 全为 NULL (来自 daily_price 表), 使用 1.0 作为代理值. 这会让 mcap_yi 退化为 amount/1e6 (亿元), 仅保留相对顺序. 如需精确数据, 请重新导入 turnover 字段.
2026-06-23 16:14:06,447 | INFO | 共 37 个调仓日 (回测区间内)
2026-06-23 16:15:01,764 | INFO | 组合回测完成: 总收益=17.29%, 夏普=2.24, 最大回撤=-15.72%
2026-06-23 16:15:02,031 | INFO | 组合回测: V6超卖反转 | 2024-02-01 ~ 2024-04-01 | 资金=1,000,000
2026-06-23 16:15:08,918 | WARNING | turnover 全为 NULL (来自 daily_price 表), 使用 1.0 作为代理值. 这会让 mcap_yi 退化为 amount/1e6 (亿元), 仅保留相对顺序. 如需精确数据, 请重新导入 turnover 字段.
2026-06-23 16:15:09,081 | INFO | 共 37 个调仓日 (回测区间内)
2026-06-23 16:16:03,132 | INFO | 组合回测完成: 总收益=16.35%, 夏普=2.14, 最大回撤=-15.72%
2026-06-23 16:16:03,276 | INFO | [optimize] 2024-02-01~2024-04-01: best_sharpe=2.24, params={'MAX_RSI_14': 35.0, 'MAX_RSI_6': 20.0, 'MAX_BB_POSITION': 0.06, 'MAX_DRAWDOWN_60D': -20.0}
2026-06-23 16:16:03,281 | INFO | 组合回测: V6超卖反转 | 2024-04-01 ~ 2024-05-01 | 资金=1,000,000
2026-06-23 16:16:09,513 | WARNING | turnover 全为 NULL (来自 daily_price 表), 使用 1.0 作为代理值. 这会让 mcap_yi 退化为 amount/1e6 (亿元), 仅保留相对顺序. 如需精确数据, 请重新导入 turnover 字段.
2026-06-23 16:16:09,550 | INFO | 共 20 个调仓日 (回测区间内)
2026-06-23 16:16:34,547 | INFO | 组合回测完成: 总收益=-3.54%, 夏普=-1.09, 最大回撤=-8.44%
2026-06-23 16:16:34,693 | INFO |   OOS sharpe=-1.09, max_dd=-8.4%
2026-06-23 16:16:34,702 | INFO | [Window 2] train=2024-03-01~2024-05-01, test=2024-05-01~2024-06-01
2026-06-23 16:16:34,702 | INFO | [Window 2] 预计算指标 [2024-03-01, 2024-06-01]...
2026-06-23 16:20:05,837 | INFO | [Window 2] 预计算完成 (211.1s), 98 个交易日已缓存
2026-06-23 16:20:05,839 | INFO | 组合回测: V6超卖反转 | 2024-03-01 ~ 2024-05-01 | 资金=1,000,000
2026-06-23 16:20:10,908 | WARNING | turnover 全为 NULL (来自 daily_price 表), 使用 1.0 作为代理值. 这会让 mcap_yi 退化为 amount/1e6 (亿元), 仅保留相对顺序. 如需精确数据, 请重新导入 turnover 字段.
2026-06-23 16:20:10,955 | INFO | 共 41 个调仓日 (回测区间内)
2026-06-23 16:21:06,003 | INFO | 组合回测完成: 总收益=1.39%, 夏普=0.36, 最大回撤=-13.07%
2026-06-23 16:21:06,135 | INFO | 组合回测: V6超卖反转 | 2024-03-01 ~ 2024-05-01 | 资金=1,000,000
2026-06-23 16:21:12,351 | WARNING | turnover 全为 NULL (来自 daily_price 表), 使用 1.0 作为代理值. 这会让 mcap_yi 退化为 amount/1e6 (亿元), 仅保留相对顺序. 如需精确数据, 请重新导入 turnover 字段.
2026-06-23 16:21:12,414 | INFO | 共 41 个调仓日 (回测区间内)
2026-06-23 16:22:06,749 | INFO | 组合回测完成: 总收益=0.47%, 夏普=0.19, 最大回撤=-10.65%
2026-06-23 16:22:06,865 | INFO | 组合回测: V6超卖反转 | 2024-03-01 ~ 2024-05-01 | 资金=1,000,000
2026-06-23 16:22:12,063 | WARNING | turnover 全为 NULL (来自 daily_price 表), 使用 1.0 作为代理值. 这会让 mcap_yi 退化为 amount/1e6 (亿元), 仅保留相对顺序. 如需精确数据, 请重新导入 turnover 字段.
2026-06-23 16:22:12,120 | INFO | 共 41 个调仓日 (回测区间内)
2026-06-23 16:23:11,069 | INFO | 组合回测完成: 总收益=-0.21%, 夏普=0.07, 最大回撤=-11.37%
2026-06-23 16:23:11,200 | INFO | [optimize] 2024-03-01~2024-05-01: best_sharpe=0.36, params={'MAX_RSI_14': 30.0, 'MAX_RSI_6': 20.0, 'MAX_BB_POSITION': 0.1, 'MAX_DRAWDOWN_60D': -15.0}
2026-06-23 16:23:11,202 | INFO | 组合回测: V6超卖反转 | 2024-05-01 ~ 2024-06-01 | 资金=1,000,000
2026-06-23 16:23:16,440 | WARNING | turnover 全为 NULL (来自 daily_price 表), 使用 1.0 作为代理值. 这会让 mcap_yi 退化为 amount/1e6 (亿元), 仅保留相对顺序. 如需精确数据, 请重新导入 turnover 字段.
2026-06-23 16:23:16,483 | INFO | 共 20 个调仓日 (回测区间内)
2026-06-23 16:23:42,090 | INFO | 组合回测完成: 总收益=-24.06%, 夏普=-10.97, 最大回撤=-26.23%
2026-06-23 16:23:42,200 | INFO |   OOS sharpe=-10.97, max_dd=-26.2%
2026-06-23 16:23:42,201 | INFO | [Window 3] train=2024-04-01~2024-06-01, test=2024-06-01~2024-07-01
2026-06-23 16:23:42,201 | INFO | [Window 3] 预计算指标 [2024-04-01, 2024-07-01]...
2026-06-23 16:26:57,371 | INFO | [Window 3] 预计算完成 (195.2s), 118 个交易日已缓存
2026-06-23 16:26:57,372 | INFO | 组合回测: V6超卖反转 | 2024-04-01 ~ 2024-06-01 | 资金=1,000,000
2026-06-23 16:27:02,429 | WARNING | turnover 全为 NULL (来自 daily_price 表), 使用 1.0 作为代理值. 这会让 mcap_yi 退化为 amount/1e6 (亿元), 仅保留相对顺序. 如需精确数据, 请重新导入 turnover 字段.
2026-06-23 16:27:02,475 | INFO | 共 40 个调仓日 (回测区间内)
2026-06-23 16:27:53,998 | INFO | 组合回测完成: 总收益=-21.71%, 夏普=-3.84, 最大回撤=-26.23%
2026-06-23 16:27:54,166 | INFO | 组合回测: V6超卖反转 | 2024-04-01 ~ 2024-06-01 | 资金=1,000,000
2026-06-23 16:28:00,663 | WARNING | turnover 全为 NULL (来自 daily_price 表), 使用 1.0 作为代理值. 这会让 mcap_yi 退化为 amount/1e6 (亿元), 仅保留相对顺序. 如需精确数据, 请重新导入 turnover 字段.
2026-06-23 16:28:00,721 | INFO | 共 40 个调仓日 (回测区间内)
2026-06-23 16:28:58,034 | INFO | 组合回测完成: 总收益=-21.15%, 夏普=-4.01, 最大回撤=-21.43%
2026-06-23 16:28:58,181 | INFO | 组合回测: V6超卖反转 | 2024-04-01 ~ 2024-06-01 | 资金=1,000,000
2026-06-23 16:29:05,642 | WARNING | turnover 全为 NULL (来自 daily_price 表), 使用 1.0 作为代理值. 这会让 mcap_yi 退化为 amount/1e6 (亿元), 仅保留相对顺序. 如需精确数据, 请重新导入 turnover 字段.
2026-06-23 16:29:05,701 | INFO | 共 40 个调仓日 (回测区间内)
2026-06-23 16:29:59,165 | INFO | 组合回测完成: 总收益=-19.68%, 夏普=-3.85, 最大回撤=-20.08%
2026-06-23 16:29:59,275 | INFO | [optimize] 2024-04-01~2024-06-01: best_sharpe=-3.84, params={'MAX_RSI_14': 30.0, 'MAX_RSI_6': 20.0, 'MAX_BB_POSITION': 0.1, 'MAX_DRAWDOWN_60D': -15.0}
2026-06-23 16:29:59,277 | INFO | 组合回测: V6超卖反转 | 2024-06-01 ~ 2024-07-01 | 资金=1,000,000
2026-06-23 16:30:04,019 | WARNING | turnover 全为 NULL (来自 daily_price 表), 使用 1.0 作为代理值. 这会让 mcap_yi 退化为 amount/1e6 (亿元), 仅保留相对顺序. 如需精确数据, 请重新导入 turnover 字段.
2026-06-23 16:30:04,060 | INFO | 共 20 个调仓日 (回测区间内)
2026-06-23 16:30:25,638 | INFO | 组合回测完成: 总收益=-18.35%, 夏普=-7.33, 最大回撤=-19.19%
2026-06-23 16:30:25,763 | INFO |   OOS sharpe=-7.33, max_dd=-19.2%
2026-06-23 16:30:25,785 | INFO | 报告已保存: docs\oos_real_baseline.md, docs\oos_real_baseline.json
2026-06-23 16:30:25,785 | WARNING | ⚠️ OOS 门禁未通过:
2026-06-23 16:30:25,785 | WARNING |   ❌ OOS 夏普 mean = -4.42 < 0.5
2026-06-23 16:30:25,786 | WARNING |   ❌ OOS 夏普 std = 5.77 ≥ 0.3 (不稳定)
2026-06-23 16:30:25,786 | WARNING |   ❌ 最差窗口最大回撤 = -26.2% < -25%
